 TraceAPI

 Timestamp is 4ed56014 (Tue Nov 29 17:43:32 2011)

 Preferred load address is 00400000

 Start         Length     Name                   Class
 0001:00000000 00010000H .textbss                DATA
 0002:00000000 00004675H .text                   CODE
 0003:00000000 00000104H .CRT$XCA                DATA
 0003:00000104 00000104H .CRT$XCAA               DATA
 0003:00000208 00000104H .CRT$XCZ                DATA
 0003:0000030c 00000104H .CRT$XIA                DATA
 0003:00000410 00000104H .CRT$XIAA               DATA
 0003:00000514 00000104H .CRT$XIZ                DATA
 0003:00000620 0000109aH .rdata                  DATA
 0003:000016bc 00000188H .rdata$debug            DATA
 0003:00001844 00000104H .rtc$IAA                DATA
 0003:00001948 00000104H .rtc$IMZ                DATA
 0003:00001a4c 00000104H .rtc$IZZ                DATA
 0003:00001b50 00000104H .rtc$TAA                DATA
 0003:00001c54 00000104H .rtc$TMZ                DATA
 0003:00001d58 00000104H .rtc$TZZ                DATA
 0003:00001e60 000001c2H .xdata$x                DATA
 0003:00002022 00000000H .edata                  DATA
 0004:00000000 00000216H .data                   DATA
 0004:00000218 000007a0H .bss                    DATA
 0005:00000000 00000078H .idata$2                DATA
 0005:00000078 00000014H .idata$3                DATA
 0005:0000008c 000002d0H .idata$4                DATA
 0005:0000035c 000002d0H .idata$5                DATA
 0005:0000062c 0000082dH .idata$6                DATA
 0006:00000000 000002c3H .rsrc$01                DATA
 0006:000002d0 000011b0H .rsrc$02                DATA

  Address         Publics by Value              Rva+Base       Lib:Object

 0000:00000000       ___safe_se_handler_table   00000000     <absolute>
 0000:00000000       ___safe_se_handler_count   00000000     <absolute>
 0000:00000000       ___ImageBase               00400000     <linker-defined>
 0001:00000000       __enc$textbss$begin        00401000     <linker-defined>
 0001:00010000       __enc$textbss$end          00411000     <linker-defined>
 0002:000005a6       _wcscpy                    004115a6 f   MSVCRTD:MSVCR80D.dll
 0002:000005ac       __swprintf                 004115ac f   MSVCRTD:MSVCR80D.dll
 0002:000005b2       _ExpandEnvironmentStringsW@12 004115b2 f   kernel32:KERNEL32.dll
 0002:000005c0       ?SetMainWnd@@YAHPAUHWND__@@@Z 004115c0 f   TraceAPI.obj
 0002:00000760       ?FindPrevInstance@@YAHXZ   00411760 f   TraceAPI.obj
 0002:00000810       _WinMain@16                00411810 f   TraceAPI.obj
 0002:00000bd0       ?DisplayContextMenu@@YGXPAUHWND__@@HUtagPOINT@@@Z 00411bd0 f   TraceAPI.obj
 0002:00000cb0       ?WndProc@@YGJPAUHWND__@@IIJ@Z 00411cb0 f   TraceAPI.obj
 0002:00001492       _FreeLibrary@4             00412492 f   kernel32:KERNEL32.dll
 0002:00001498       _LoadLibraryW@4            00412498 f   kernel32:KERNEL32.dll
 0002:0000149e       _GetModuleHandleW@4        0041249e f   kernel32:KERNEL32.dll
 0002:000014a4       _CreateProcessW@40         004124a4 f   kernel32:KERNEL32.dll
 0002:000014aa       _SendMessageW@16           004124aa f   user32:USER32.dll
 0002:000014b0       _FindWindowW@8             004124b0 f   user32:USER32.dll
 0002:000014b6       _DispatchMessageW@4        004124b6 f   user32:USER32.dll
 0002:000014bc       _TranslateMessage@4        004124bc f   user32:USER32.dll
 0002:000014c2       _GetMessageW@16            004124c2 f   user32:USER32.dll
 0002:000014c8       _SetTimer@16               004124c8 f   user32:USER32.dll
 0002:000014ce       _UpdateWindow@4            004124ce f   user32:USER32.dll
 0002:000014d4       _ShowWindow@8              004124d4 f   user32:USER32.dll
 0002:000014da       _CreateWindowExW@48        004124da f   user32:USER32.dll
 0002:000014e0       _RegisterClassW@4          004124e0 f   user32:USER32.dll
 0002:000014e6       _LoadCursorW@8             004124e6 f   user32:USER32.dll
 0002:000014ec       _LoadIconW@8               004124ec f   user32:USER32.dll
 0002:000014f2       _MessageBoxW@16            004124f2 f   user32:USER32.dll
 0002:000014f8       _DestroyMenu@4             004124f8 f   user32:USER32.dll
 0002:000014fe       _TrackPopupMenu@28         004124fe f   user32:USER32.dll
 0002:00001504       _GetSubMenu@8              00412504 f   user32:USER32.dll
 0002:0000150a       _LoadMenuW@8               0041250a f   user32:USER32.dll
 0002:00001510       _DefWindowProcW@16         00412510 f   user32:USER32.dll
 0002:00001516       _PostMessageW@16           00412516 f   user32:USER32.dll
 0002:0000151c       _GetCursorPos@4            0041251c f   user32:USER32.dll
 0002:00001522       _SetForegroundWindow@4     00412522 f   user32:USER32.dll
 0002:00001528       _PostQuitMessage@4         00412528 f   user32:USER32.dll
 0002:0000152e       _EndPaint@8                0041252e f   user32:USER32.dll
 0002:00001534       _BeginPaint@8              00412534 f   user32:USER32.dll
 0002:0000153a       _KillTimer@8               0041253a f   user32:USER32.dll
 0002:00001540       _LoadImageW@24             00412540 f   user32:USER32.dll
 0002:00001546       _GetStockObject@4          00412546 f   gdi32:GDI32.dll
 0002:0000154c       _RegCloseKey@4             0041254c f   advapi32:ADVAPI32.dll
 0002:00001552       _RegSetValueExW@24         00412552 f   advapi32:ADVAPI32.dll
 0002:00001558       _RegOpenKeyExW@20          00412558 f   advapi32:ADVAPI32.dll
 0002:0000155e       _RegCreateKeyW@12          0041255e f   advapi32:ADVAPI32.dll
 0002:00001564       _RegQueryValueExW@24       00412564 f   advapi32:ADVAPI32.dll
 0002:0000156a       _Shell_NotifyIconW@8       0041256a f   shell32:SHELL32.dll
 0002:00001570       _wcsncpy                   00412570 f   MSVCRTD:MSVCR80D.dll
 0002:00001580       __RTC_CheckEsp             00412580 f   MSVCRTD:stack.obj
 0002:000015b0       @_RTC_CheckStackVars@8     004125b0 f   MSVCRTD:stack.obj
 0002:00001630       @_RTC_AllocaHelper@12      00412630 f   MSVCRTD:stack.obj
 0002:00001670       @_RTC_CheckStackVars2@12   00412670 f   MSVCRTD:stack.obj
 0002:00001780       __RTC_InitBase             00412780 f   MSVCRTD:init.obj
 0002:000017c0       __RTC_Shutdown             004127c0 f   MSVCRTD:init.obj
 0002:000017d8       __snwprintf                004127d8 f   MSVCRTD:MSVCR80D.dll
 0002:000017e0       @__security_check_cookie@4 004127e0 f   MSVCRTD:secchk.obj
 0002:000017f2       _memset                    004127f2 f   MSVCRTD:MSVCR80D.dll
 0002:00001930       _WinMainCRTStartup         00412930 f   MSVCRTD:crtexew.obj
 0002:00001d40       _NtCurrentTeb              00412d40 f i MSVCRTD:crtexew.obj
 0002:00001e30       _DebuggerKnownHandle       00412e30 f   MSVCRTD:error.obj
 0002:00001f00       ?_RTC_Failure@@YAXPAXH@Z   00412f00 f   MSVCRTD:error.obj
 0002:00002300       ?_RTC_StackFailure@@YAXPAXPBD@Z 00413300 f   MSVCRTD:error.obj
 0002:00002470       ?_RTC_AllocaFailure@@YAXPAXPAU_RTC_ALLOCA_NODE@@H@Z 00413470 f   MSVCRTD:error.obj
 0002:00002680       __RTC_UninitUse            00413680 f   MSVCRTD:error.obj
 0002:000027d0       __RTC_NumErrors            004137d0 f   MSVCRTD:userapi.obj
 0002:000027e0       __RTC_GetErrDesc           004137e0 f   MSVCRTD:userapi.obj
 0002:00002800       __RTC_SetErrorType         00413800 f   MSVCRTD:userapi.obj
 0002:00002830       __RTC_SetErrorFunc         00413830 f   MSVCRTD:userapi.obj
 0002:00002860       __RTC_SetErrorFuncW        00413860 f   MSVCRTD:userapi.obj
 0002:00002890       ?_RTC_GetErrorFunc@@YAP6AHHPBDH00ZZPBX@Z 00413890 f   MSVCRTD:userapi.obj
 0002:000028a0       ?_RTC_GetErrorFuncW@@YAP6AHHPB_WH00ZZPBX@Z 004138a0 f   MSVCRTD:userapi.obj
 0002:000028a6       __CRT_RTC_INITW            004138a6 f   MSVCRTD:MSVCR80D.dll
 0002:000028b0       ___report_gsfailure        004138b0 f   MSVCRTD:gs_report.obj
 0002:00002a00       __configthreadlocale       00413a00 f   MSVCRTD:MSVCR80D.dll
 0002:00002a10       __setdefaultprecision      00413a10 f   MSVCRTD:fp8.obj
 0002:00002a60       __invoke_watson_if_error   00413a60 f i MSVCRTD:fp8.obj
 0002:00002a94       ___setusermatherr          00413a94 f   MSVCRTD:MSVCR80D.dll
 0002:00002aa0       __matherr                  00413aa0 f   MSVCRTD:merr.obj
 0002:00002ab0       __setargv                  00413ab0 f   MSVCRTD:dllargv.obj
 0002:00002ac0       __RTC_Initialize           00413ac0 f   MSVCRTD:initsect.obj
 0002:00002af0       __RTC_Terminate            00413af0 f   MSVCRTD:initsect.obj
 0002:00002b1e       ___p__commode              00413b1e f   MSVCRTD:MSVCR80D.dll
 0002:00002b24       ___p__fmode                00413b24 f   MSVCRTD:MSVCR80D.dll
 0002:00002b30       __onexit                   00413b30 f   MSVCRTD:atonexit.obj
 0002:00002c70       _atexit                    00413c70 f   MSVCRTD:atonexit.obj
 0002:00002c90       __encode_pointer           00413c90 f   MSVCRTD:MSVCR80D.dll
 0002:00002c96       ___set_app_type            00413c96 f   MSVCRTD:MSVCR80D.dll
 0002:00002c9c       __amsg_exit                00413c9c f   MSVCRTD:MSVCR80D.dll
 0002:00002ca2       ___getmainargs             00413ca2 f   MSVCRTD:MSVCR80D.dll
 0002:00002cb0       ___security_init_cookie    00413cb0 f   MSVCRTD:gs_support.obj
 0002:00002e10       __exit                     00413e10 f   MSVCRTD:MSVCR80D.dll
 0002:00002e16       __XcptFilter               00413e16 f   MSVCRTD:MSVCR80D.dll
 0002:00002e1c       __cexit                    00413e1c f   MSVCRTD:MSVCR80D.dll
 0002:00002e22       _exit                      00413e22 f   MSVCRTD:MSVCR80D.dll
 0002:00002e28       __ismbblead                00413e28 f   MSVCRTD:MSVCR80D.dll
 0002:00002e2e       __CrtSetCheckCount         00413e2e f   MSVCRTD:MSVCR80D.dll
 0002:00002e40       __ValidateImageBase        00413e40 f   MSVCRTD:pesect.obj
 0002:00002ec0       __FindPESection            00413ec0 f   MSVCRTD:pesect.obj
 0002:00002f50       __IsNonwritableInCurrentImage 00413f50 f   MSVCRTD:pesect.obj
 0002:000030a4       __CrtDbgReportW            004140a4 f   MSVCRTD:MSVCR80D.dll
 0002:000030aa       __initterm                 004140aa f   MSVCRTD:MSVCR80D.dll
 0002:000030b0       __initterm_e               004140b0 f   MSVCRTD:MSVCR80D.dll
 0002:000030c0       __except_handler4          004140c0 f   MSVCRTD:chandler4gs.obj
 0002:000030f0       ?_RTC_GetSrcLine@@YAHPAEPA_WKPAH1K@Z 004140f0 f   MSVCRTD:pdblkup.obj
 0002:0000369c       __crt_debugger_hook        0041469c f   MSVCRTD:MSVCR80D.dll
 0002:000036a2       __controlfp_s              004146a2 f   MSVCRTD:MSVCR80D.dll
 0002:000036a8       __invoke_watson            004146a8 f   MSVCRTD:MSVCR80D.dll
 0002:000036ae       __unlock                   004146ae f   MSVCRTD:MSVCR80D.dll
 0002:000036b4       ___dllonexit               004146b4 f   MSVCRTD:MSVCR80D.dll
 0002:000036ba       __lock                     004146ba f   MSVCRTD:MSVCR80D.dll
 0002:000036c0       __decode_pointer           004146c0 f   MSVCRTD:MSVCR80D.dll
 0002:000036c6       __except_handler4_common   004146c6 f   MSVCRTD:MSVCR80D.dll
 0002:000036cc       _InterlockedExchange@8     004146cc f   kernel32:KERNEL32.dll
 0002:000036d2       _Sleep@4                   004146d2 f   kernel32:KERNEL32.dll
 0002:000036d8       _InterlockedCompareExchange@12 004146d8 f   kernel32:KERNEL32.dll
 0002:000036de       _GetStartupInfoA@4         004146de f   kernel32:KERNEL32.dll
 0002:000036e4       _RaiseException@16         004146e4 f   kernel32:KERNEL32.dll
 0002:000036ea       _DebugBreak@0              004146ea f   kernel32:KERNEL32.dll
 0002:000036f0       _WideCharToMultiByte@32    004146f0 f   kernel32:KERNEL32.dll
 0002:000036f6       _IsDebuggerPresent@0       004146f6 f   kernel32:KERNEL32.dll
 0002:000036fc       _MultiByteToWideChar@24    004146fc f   kernel32:KERNEL32.dll
 0002:00003702       _lstrlenA@4                00414702 f   kernel32:KERNEL32.dll
 0002:00003708       _GetProcAddress@8          00414708 f   kernel32:KERNEL32.dll
 0002:0000370e       _LoadLibraryA@4            0041470e f   kernel32:KERNEL32.dll
 0002:00003714       _TerminateProcess@8        00414714 f   kernel32:KERNEL32.dll
 0002:0000371a       _GetCurrentProcess@0       0041471a f   kernel32:KERNEL32.dll
 0002:00003720       _UnhandledExceptionFilter@4 00414720 f   kernel32:KERNEL32.dll
 0002:00003726       _SetUnhandledExceptionFilter@4 00414726 f   kernel32:KERNEL32.dll
 0002:0000372c       _QueryPerformanceCounter@4 0041472c f   kernel32:KERNEL32.dll
 0002:00003732       _GetTickCount@0            00414732 f   kernel32:KERNEL32.dll
 0002:00003738       _GetCurrentThreadId@0      00414738 f   kernel32:KERNEL32.dll
 0002:0000373e       _GetCurrentProcessId@0     0041473e f   kernel32:KERNEL32.dll
 0002:00003744       _GetSystemTimeAsFileTime@4 00414744 f   kernel32:KERNEL32.dll
 0002:0000374a       _FatalAppExitA@8           0041474a f   kernel32:KERNEL32.dll
 0002:00003750       _HeapFree@12               00414750 f   kernel32:KERNEL32.dll
 0002:00003756       _HeapAlloc@12              00414756 f   kernel32:KERNEL32.dll
 0002:0000375c       _GetProcessHeap@0          0041475c f   kernel32:KERNEL32.dll
 0002:00003762       _GetModuleFileNameW@12     00414762 f   kernel32:KERNEL32.dll
 0002:00003768       _VirtualQuery@12           00414768 f   kernel32:KERNEL32.dll
 0002:00003770       ?GetAPIDLLPath@@YAHPA_WK@Z 00414770 f   TraceAPI.obj
 0003:00000000       ___xc_a                    00416000     MSVCRTD:cinitexe.obj
 0003:00000208       ___xc_z                    00416208     MSVCRTD:cinitexe.obj
 0003:0000030c       ___xi_a                    0041630c     MSVCRTD:cinitexe.obj
 0003:00000514       ___xi_z                    00416514     MSVCRTD:cinitexe.obj
 0003:0000063c       ??_C@_0P@GHFPNOJB@bad?5allocation?$AA@ 0041663c     TraceAPI.obj
 0003:00000650       ?collate@?$_Locbase@H@std@@2HB 00416650     TraceAPI.obj
 0003:00000654       ?ctype@?$_Locbase@H@std@@2HB 00416654     TraceAPI.obj
 0003:00000658       ?monetary@?$_Locbase@H@std@@2HB 00416658     TraceAPI.obj
 0003:0000065c       ?numeric@?$_Locbase@H@std@@2HB 0041665c     TraceAPI.obj
 0003:00000660       ?time@?$_Locbase@H@std@@2HB 00416660     TraceAPI.obj
 0003:00000664       ?messages@?$_Locbase@H@std@@2HB 00416664     TraceAPI.obj
 0003:00000668       ?all@?$_Locbase@H@std@@2HB 00416668     TraceAPI.obj
 0003:0000066c       ?none@?$_Locbase@H@std@@2HB 0041666c     TraceAPI.obj
 0003:00000670       ?skipws@?$_Iosb@H@std@@2W4_Fmtflags@12@B 00416670     TraceAPI.obj
 0003:00000674       ?unitbuf@?$_Iosb@H@std@@2W4_Fmtflags@12@B 00416674     TraceAPI.obj
 0003:00000678       ?uppercase@?$_Iosb@H@std@@2W4_Fmtflags@12@B 00416678     TraceAPI.obj
 0003:0000067c       ?showbase@?$_Iosb@H@std@@2W4_Fmtflags@12@B 0041667c     TraceAPI.obj
 0003:00000680       ?showpoint@?$_Iosb@H@std@@2W4_Fmtflags@12@B 00416680     TraceAPI.obj
 0003:00000684       ?showpos@?$_Iosb@H@std@@2W4_Fmtflags@12@B 00416684     TraceAPI.obj
 0003:00000688       ?left@?$_Iosb@H@std@@2W4_Fmtflags@12@B 00416688     TraceAPI.obj
 0003:0000068c       ?right@?$_Iosb@H@std@@2W4_Fmtflags@12@B 0041668c     TraceAPI.obj
 0003:00000690       ?internal@?$_Iosb@H@std@@2W4_Fmtflags@12@B 00416690     TraceAPI.obj
 0003:00000694       ?dec@?$_Iosb@H@std@@2W4_Fmtflags@12@B 00416694     TraceAPI.obj
 0003:00000698       ?oct@?$_Iosb@H@std@@2W4_Fmtflags@12@B 00416698     TraceAPI.obj
 0003:0000069c       ?hex@?$_Iosb@H@std@@2W4_Fmtflags@12@B 0041669c     TraceAPI.obj
 0003:000006a0       ?scientific@?$_Iosb@H@std@@2W4_Fmtflags@12@B 004166a0     TraceAPI.obj
 0003:000006a4       ?fixed@?$_Iosb@H@std@@2W4_Fmtflags@12@B 004166a4     TraceAPI.obj
 0003:000006a8       ?boolalpha@?$_Iosb@H@std@@2W4_Fmtflags@12@B 004166a8     TraceAPI.obj
 0003:000006ac       ?_Stdio@?$_Iosb@H@std@@2W4_Fmtflags@12@B 004166ac     TraceAPI.obj
 0003:000006b0       ?adjustfield@?$_Iosb@H@std@@2W4_Fmtflags@12@B 004166b0     TraceAPI.obj
 0003:000006b4       ?basefield@?$_Iosb@H@std@@2W4_Fmtflags@12@B 004166b4     TraceAPI.obj
 0003:000006b8       ?floatfield@?$_Iosb@H@std@@2W4_Fmtflags@12@B 004166b8     TraceAPI.obj
 0003:000006bc       ?goodbit@?$_Iosb@H@std@@2W4_Iostate@12@B 004166bc     TraceAPI.obj
 0003:000006c0       ?eofbit@?$_Iosb@H@std@@2W4_Iostate@12@B 004166c0     TraceAPI.obj
 0003:000006c4       ?failbit@?$_Iosb@H@std@@2W4_Iostate@12@B 004166c4     TraceAPI.obj
 0003:000006c8       ?badbit@?$_Iosb@H@std@@2W4_Iostate@12@B 004166c8     TraceAPI.obj
 0003:000006cc       ?_Hardfail@?$_Iosb@H@std@@2W4_Iostate@12@B 004166cc     TraceAPI.obj
 0003:000006d0       ?in@?$_Iosb@H@std@@2W4_Openmode@12@B 004166d0     TraceAPI.obj
 0003:000006d4       ?out@?$_Iosb@H@std@@2W4_Openmode@12@B 004166d4     TraceAPI.obj
 0003:000006d8       ?ate@?$_Iosb@H@std@@2W4_Openmode@12@B 004166d8     TraceAPI.obj
 0003:000006dc       ?app@?$_Iosb@H@std@@2W4_Openmode@12@B 004166dc     TraceAPI.obj
 0003:000006e0       ?trunc@?$_Iosb@H@std@@2W4_Openmode@12@B 004166e0     TraceAPI.obj
 0003:000006e4       ?_Nocreate@?$_Iosb@H@std@@2W4_Openmode@12@B 004166e4     TraceAPI.obj
 0003:000006e8       ?_Noreplace@?$_Iosb@H@std@@2W4_Openmode@12@B 004166e8     TraceAPI.obj
 0003:000006ec       ?binary@?$_Iosb@H@std@@2W4_Openmode@12@B 004166ec     TraceAPI.obj
 0003:000006f0       ?beg@?$_Iosb@H@std@@2W4_Seekdir@12@B 004166f0     TraceAPI.obj
 0003:000006f4       ?cur@?$_Iosb@H@std@@2W4_Seekdir@12@B 004166f4     TraceAPI.obj
 0003:000006f8       ?end@?$_Iosb@H@std@@2W4_Seekdir@12@B 004166f8     TraceAPI.obj
 0003:00000768       ??_C@_1EK@ICAACIDF@?$AAU?$AAn?$AAa?$AAb?$AAl?$AAe?$AA?5?$AAt?$AAo?$AA?5?$AAl?$AAo?$AAc?$AAa?$AAt?$AAe?$AA?5?$AAI?$AAn?$AAj?$AAe?$AAc?$AAt?$AAH?$AAo?$AAo?$AAk?$AA?5?$AAf?$AAu?$AAn?$AAc@ 00416768     TraceAPI.obj
 0003:000007bc       ??_C@_1BO@DMNMFPNB@?$AAS?$AAe?$AAt?$AAM?$AAa?$AAi?$AAn?$AAW?$AAn?$AAd?$AA?3?$AA?$CF?$AAX?$AA?6?$AA?$AA@ 004167bc     TraceAPI.obj
 0003:000007e0       ??_C@_1BM@MLFFCHEL@?$AAT?$AAr?$AAa?$AAc?$AAe?$AAA?$AAP?$AAI?$AAC?$AAl?$AAa?$AAs?$AAs?$AA?$AA@ 004167e0     TraceAPI.obj
 0003:00000804       ??_C@_1BC@CJNBJPBG@?$AAT?$AAr?$AAa?$AAc?$AAe?$AAA?$AAP?$AAI?$AA?$AA@ 00416804     TraceAPI.obj
 0003:0000082c       ??_C@_1BK@DNLJJFMN@?$AAD?$AAL?$AAL?$AA_?$AAI?$AAN?$AAJ?$AAE?$AAC?$AAT?$AAE?$AAD?$AA?$AA@ 0041682c     TraceAPI.obj
 0003:0000084c       ??_C@_1M@BJACCECO@?$AAE?$AAR?$AAR?$AAO?$AAR?$AA?$AA@ 0041684c     TraceAPI.obj
 0003:0000088c       ??_C@_1CG@DGACODJF@?$AAU?$AAn?$AAa?$AAb?$AAl?$AAe?$AA?5?$AAt?$AAo?$AA?5?$AAl?$AAo?$AAa?$AAd?$AA?5?$AAD?$AAL?$AAL?$AA?$AA@ 0041688c     TraceAPI.obj
 0003:000008b4       ??_C@_1CI@BIJLOMBC@?$AA?$CF?$AAs?$AA?5?$AAP?$AAi?$AAd?$AA?3?$AA?$CF?$AAd?$AA?0?$AA?5?$AAh?$AAW?$AAn?$AAd?$AA?3?$AA?$CF?$AAX?$AA?6?$AA?$AA@ 004168b4     TraceAPI.obj
 0003:000008dc       ??_C@_1BO@JACKOMOH@?$AAA?$AAP?$AAI?$AA_?$AAN?$AAO?$AAT?$AA_?$AAH?$AAO?$AAO?$AAK?$AAE?$AAD?$AA?$AA@ 004168dc     TraceAPI.obj
 0003:0000092c       ??_C@_0N@GICPBFGG@_EjectHook?$EA0?$AA@ 0041692c     TraceAPI.obj
 0003:00000954       ??_C@_0O@HCOHNJLB@_InjectHook?$EA8?$AA@ 00416954     TraceAPI.obj
 0003:00000974       ??_C@_1BG@DLABNCJN@?$AAA?$AAP?$AAI?$AA_?$AAH?$AAO?$AAO?$AAK?$AAE?$AAD?$AA?$AA@ 00416974     TraceAPI.obj
 0003:00000a40       ??_C@_1GC@HLNEFIAK@?$AAf?$AA?3?$AA?2?$AAr?$AAt?$AAm?$AA?2?$AAv?$AAc?$AAt?$AAo?$AAo?$AAl?$AAs?$AA?2?$AAc?$AAr?$AAt?$AA_?$AAb?$AAl?$AAd?$AA?2?$AAs?$AAe?$AAl?$AAf?$AA_?$AAx?$AA8?$AA6?$AA?2@ 00416a40     MSVCRTD:crtexew.obj
 0003:00000ab8       ??_C@_1FA@DALEHHGL@?$AA_?$AA_?$AAn?$AAa?$AAt?$AAi?$AAv?$AAe?$AA_?$AAs?$AAt?$AAa?$AAr?$AAt?$AAu?$AAp?$AA_?$AAs?$AAt?$AAa?$AAt?$AAe?$AA?5?$AA?$DN?$AA?$DN?$AA?5?$AA_?$AA_?$AAi?$AAn?$AAi?$AAt@ 00416ab8     MSVCRTD:crtexew.obj
 0003:00000b18       ??_C@_0BO@GNIAFIKK@Unknown?5Runtime?5Check?5Error?6?$AN?$AA@ 00416b18     MSVCRTD:error.obj
 0003:00000b3c       ??_C@_0CM@NGINOKPC@Stack?5memory?5around?5_alloca?5was?5@ 00416b3c     MSVCRTD:error.obj
 0003:00000b70       ??_C@_0DG@HKJMLLLP@A?5local?5variable?5was?5used?5before@ 00416b70     MSVCRTD:error.obj
 0003:00000bb0       ??_C@_0BN@FFOINMNJ@Stack?5memory?5was?5corrupted?6?$AN?$AA@ 00416bb0     MSVCRTD:error.obj
 0003:00000bd8       ??_C@_0BBN@GPMLNJCF@A?5cast?5to?5a?5smaller?5data?5type?5ha@ 00416bd8     MSVCRTD:error.obj
 0003:00000d30       ??_C@_0NN@NGPKDKPD@The?5value?5of?5ESP?5was?5not?5properl@ 00416d30     MSVCRTD:error.obj
 0003:00000ed4       ??_C@_0CA@IODNCDPG@Run?9Time?5Check?5Failure?5?$CD?$CFd?5?9?5?$CFs?$AA@ 00416ed4     MSVCRTD:error.obj
 0003:00000efc       ??_C@_0BE@GNBOBNCK@Unknown?5Module?5Name?$AA@ 00416efc     MSVCRTD:error.obj
 0003:00000f14       ??_C@_0BB@PFFGGCJP@Unknown?5Filename?$AA@ 00416f14     MSVCRTD:error.obj
 0003:00000f28       ??_C@_1EA@NFKNIFJP@?$AAR?$AAu?$AAn?$AA?9?$AAT?$AAi?$AAm?$AAe?$AA?5?$AAC?$AAh?$AAe?$AAc?$AAk?$AA?5?$AAF?$AAa?$AAi?$AAl?$AAu?$AAr?$AAe?$AA?5?$AA?$CD?$AA?$CF?$AAd?$AA?5?$AA?9?$AA?5?$AA?$CF?$AAs?$AA?$AA@ 00416f28     MSVCRTD:error.obj
 0003:00000f78       ??_C@_1GM@OLMCBDMB@?$AAR?$AAu?$AAn?$AAt?$AAi?$AAm?$AAe?$AA?5?$AAC?$AAh?$AAe?$AAc?$AAk?$AA?5?$AAE?$AAr?$AAr?$AAo?$AAr?$AA?4?$AA?6?$AA?$AN?$AA?5?$AAU?$AAn?$AAa?$AAb?$AAl?$AAe?$AA?5?$AAt?$AAo@ 00416f78     MSVCRTD:error.obj
 0003:00000ffc       ??_C@_0CG@IAFNJNEE@Stack?5corrupted?5near?5unknown?5var@ 00416ffc     MSVCRTD:error.obj
 0003:00001030       ??_C@_0EJ@LJKNEOLN@Stack?5area?5around?5_alloca?5memory@ 00417030     MSVCRTD:error.obj
 0003:00001088       ??_C@_08KJEDNCKC@?$CFs?$CFs?$CFs?$CFs?$AA@ 00417088     MSVCRTD:error.obj
 0003:00001094       ??_C@_02LLMPMKNF@?$DO?5?$AA@ 00417094     MSVCRTD:error.obj
 0003:00001098       ??_C@_01EEMJAFIK@?6?$AA@   00417098     MSVCRTD:error.obj
 0003:0000109c       ??_C@_0BC@KIBAILCI@?$CFs?$CFs?$CFp?$CFs?$CFld?$CFs?$CFd?$CFs?$AA@ 0041709c     MSVCRTD:error.obj
 0003:000010b8       ??_C@_0EI@CLEPFNGI@Stack?5area?5around?5_alloca?5memory@ 004170b8     MSVCRTD:error.obj
 0003:00001110       ??_C@_0N@MHFFIMFG@?6Address?3?50x?$AA@ 00417110     MSVCRTD:error.obj
 0003:00001120       ??_C@_07DFDJCKFN@?6Size?3?5?$AA@ 00417120     MSVCRTD:error.obj
 0003:0000112c       ??_C@_0CK@DKGBICFE@?6Allocation?5number?5within?5this?5f@ 0041712c     MSVCRTD:error.obj
 0003:00001160       ??_C@_08OMAHNMHJ@?6Data?3?5?$DM?$AA@ 00417160     MSVCRTD:error.obj
 0003:0000116c       ??_C@_09FOPFMPEJ@wsprintfA?$AA@ 0041716c     MSVCRTD:error.obj
 0003:00001178       ??_C@_0L@GMPLCCII@user32?4dll?$AA@ 00417178     MSVCRTD:error.obj
 0003:00001188       ??_C@_05MKKEDADM@?$CF?42X?5?$AA@ 00417188     MSVCRTD:error.obj
 0003:00001190       ??_C@_0DA@BEGFPCGG@A?5variable?5is?5being?5used?5without@ 00417190     MSVCRTD:error.obj
 0003:000011cc       ??_C@_0BP@OGBCLIBO@Stack?5around?5_alloca?5corrupted?$AA@ 004171cc     MSVCRTD:userapi.obj
 0003:000011f4       ??_C@_0CK@CNLNOEPB@Local?5variable?5used?5before?5initi@ 004171f4     MSVCRTD:userapi.obj
 0003:00001228       ??_C@_0BI@CIGMDCBH@Stack?5memory?5corruption?$AA@ 00417228     MSVCRTD:userapi.obj
 0003:00001244       ??_C@_0CK@FEGOIOPB@Cast?5to?5smaller?5type?5causing?5los@ 00417244     MSVCRTD:userapi.obj
 0003:00001278       ??_C@_0BJ@HEGAHDFO@Stack?5pointer?5corruption?$AA@ 00417278     MSVCRTD:userapi.obj
 0003:000012a8       ??_C@_1GE@KOCFNGPB@?$AA_?$AAc?$AAo?$AAn?$AAt?$AAr?$AAo?$AAl?$AAf?$AAp?$AA_?$AAs?$AA?$CI?$AA?$CI?$AA?$CI?$AAv?$AAo?$AAi?$AAd?$AA?5?$AA?$CK?$AA?$CJ?$AA0?$AA?$CJ?$AA?0?$AA?5?$AA0?$AAx?$AA0?$AA0?$AA0?$AA1@ 004172a8     MSVCRTD:fp8.obj
 0003:00001320       ??_C@_1CK@JMKHCBEI@?$AA_?$AAs?$AAe?$AAt?$AAd?$AAe?$AAf?$AAa?$AAu?$AAl?$AAt?$AAp?$AAr?$AAe?$AAc?$AAi?$AAs?$AAi?$AAo?$AAn?$AA?$AA@ 00417320     MSVCRTD:fp8.obj
 0003:00001354       ??_C@_1BI@DMMHIADH@?$AAi?$AAn?$AAt?$AAe?$AAl?$AA?2?$AAf?$AAp?$AA8?$AA?4?$AAc?$AA?$AA@ 00417354     MSVCRTD:fp8.obj
 0003:00001370       ?ProcessDetach@NativeDll@<CrtImplementationDetails>@@0IB 00417370     MSVCRTD:initsect.obj
 0003:00001374       ?ProcessAttach@NativeDll@<CrtImplementationDetails>@@0IB 00417374     MSVCRTD:initsect.obj
 0003:00001378       ?ThreadAttach@NativeDll@<CrtImplementationDetails>@@0IB 00417378     MSVCRTD:initsect.obj
 0003:0000137c       ?ThreadDetach@NativeDll@<CrtImplementationDetails>@@0IB 0041737c     MSVCRTD:initsect.obj
 0003:00001380       ?ProcessVerifier@NativeDll@<CrtImplementationDetails>@@0IB 00417380     MSVCRTD:initsect.obj
 0003:00001388       ??_C@_0OH@IHEJDJAH@Microsoft?5Visual?5C?$CL?$CL?5Runtime?5Lib@ 00417388     MSVCRTD:gs_support.obj
 0003:000014a0       ??_C@_0M@EKFFODEC@MSPDB80?4DLL?$AA@ 004174a0     MSVCRTD:pdblkup.obj
 0003:000014b0       ??_C@_01KDCPPGHE@r?$AA@    004174b0     MSVCRTD:pdblkup.obj
 0003:000014b4       ??_C@_0BB@KCIACLNC@PDBOpenValidate5?$AA@ 004174b4     MSVCRTD:pdblkup.obj
 0003:000014c8       ??_C@_0BF@BMIHBHCA@EnvironmentDirectory?$AA@ 004174c8     MSVCRTD:pdblkup.obj
 0003:000014e4       ??_C@_0CN@EAEOKKOC@SOFTWARE?2Microsoft?2VisualStudio?2@ 004174e4     MSVCRTD:pdblkup.obj
 0003:0000151c       ??_C@_0M@HLOHPNFA@RegCloseKey?$AA@ 0041751c     MSVCRTD:pdblkup.obj
 0003:0000152c       ??_C@_0BB@HHEIPGME@RegQueryValueExA?$AA@ 0041752c     MSVCRTD:pdblkup.obj
 0003:00001540       ??_C@_0O@DCOGKJGG@RegOpenKeyExA?$AA@ 00417540     MSVCRTD:pdblkup.obj
 0003:00001550       ??_C@_0N@JJPEKNFO@ADVAPI32?4DLL?$AA@ 00417550     MSVCRTD:pdblkup.obj
 0003:00001844       ___rtc_iaa                 00417844     MSVCRTD:initsect.obj
 0003:00001a4c       ___rtc_izz                 00417a4c     MSVCRTD:initsect.obj
 0003:00001b50       ___rtc_taa                 00417b50     MSVCRTD:initsect.obj
 0003:00001d58       ___rtc_tzz                 00417d58     MSVCRTD:initsect.obj
 0004:000000a4       ___security_cookie         004190a4     MSVCRTD:gs_cookie.obj
 0004:000000a8       ___security_cookie_complement 004190a8     MSVCRTD:gs_cookie.obj
 0004:000000ac       ?_RTC_ErrorLevels@@3PAHA   004190ac     MSVCRTD:error.obj
 0004:000000f8       ___globallocalestatus      004190f8     MSVCRTD:xthdloc.obj
 0004:000000fc       ___defaultmatherr          004190fc     MSVCRTD:merr.obj
 0004:00000100       ___native_dllmain_reason   00419100     MSVCRTD:natstart.obj
 0004:00000104       ___native_vcclrit_reason   00419104     MSVCRTD:natstart.obj
 0004:0000021c       ?EjectHookFn@@3P6GHXZA     0041921c     TraceAPI.obj
 0004:000004c8       ?InjectHookFn@@3P6GHPAUHWND__@@K@ZA 004194c8     TraceAPI.obj
 0004:00000590       ?wsprintffp@@3P6AHPADPBDZZA 00419590     MSVCRTD:error.obj
 0004:00000964       __commode                  00419964     MSVCRTD:xncommod.obj
 0004:00000968       __fmode                    00419968     MSVCRTD:xtxtmode.obj
 0004:0000096c       __dowildcard               0041996c     MSVCRTD:wildcard.obj
 0004:00000970       __newmode                  00419970     MSVCRTD:_newmode.obj
 0004:00000980       ___native_startup_state    00419980     <common>
 0004:00000990       ___native_startup_lock     00419990     <common>
 0004:00000994       ___onexitend               00419994     <common>
 0004:000009a4       ___onexitbegin             004199a4     <common>
 0004:000009a8       __adjust_fdiv              004199a8     <common>
 0004:000009b4       ___dyn_tls_init_callback   004199b4     <common>
 0005:00000000       __IMPORT_DESCRIPTOR_KERNEL32 0041a000     kernel32:KERNEL32.dll
 0005:00000014       __IMPORT_DESCRIPTOR_USER32 0041a014     user32:USER32.dll
 0005:00000028       __IMPORT_DESCRIPTOR_GDI32  0041a028     gdi32:GDI32.dll
 0005:0000003c       __IMPORT_DESCRIPTOR_ADVAPI32 0041a03c     advapi32:ADVAPI32.dll
 0005:00000050       __IMPORT_DESCRIPTOR_SHELL32 0041a050     shell32:SHELL32.dll
 0005:00000064       __IMPORT_DESCRIPTOR_MSVCR80D 0041a064     MSVCRTD:MSVCR80D.dll
 0005:00000078       __NULL_IMPORT_DESCRIPTOR   0041a078     kernel32:KERNEL32.dll
 0005:0000035c       __imp__RegCreateKeyW@12    0041a35c     advapi32:ADVAPI32.dll
 0005:00000360       __imp__RegOpenKeyExW@20    0041a360     advapi32:ADVAPI32.dll
 0005:00000364       __imp__RegSetValueExW@24   0041a364     advapi32:ADVAPI32.dll
 0005:00000368       __imp__RegCloseKey@4       0041a368     advapi32:ADVAPI32.dll
 0005:0000036c       __imp__RegQueryValueExW@24 0041a36c     advapi32:ADVAPI32.dll
 0005:00000370       \177ADVAPI32_NULL_THUNK_DATA 0041a370     advapi32:ADVAPI32.dll
 0005:000003a0       __imp__GetStockObject@4    0041a3a0     gdi32:GDI32.dll
 0005:000003a4       \177GDI32_NULL_THUNK_DATA  0041a3a4     gdi32:GDI32.dll
 0005:000003d0       __imp__HeapFree@12         0041a3d0     kernel32:KERNEL32.dll
 0005:000003d4       __imp__FatalAppExitA@8     0041a3d4     kernel32:KERNEL32.dll
 0005:000003d8       __imp__GetSystemTimeAsFileTime@4 0041a3d8     kernel32:KERNEL32.dll
 0005:000003dc       __imp__GetCurrentProcessId@0 0041a3dc     kernel32:KERNEL32.dll
 0005:000003e0       __imp__GetCurrentThreadId@0 0041a3e0     kernel32:KERNEL32.dll
 0005:000003e4       __imp__GetTickCount@0      0041a3e4     kernel32:KERNEL32.dll
 0005:000003e8       __imp__QueryPerformanceCounter@4 0041a3e8     kernel32:KERNEL32.dll
 0005:000003ec       __imp__SetUnhandledExceptionFilter@4 0041a3ec     kernel32:KERNEL32.dll
 0005:000003f0       __imp__UnhandledExceptionFilter@4 0041a3f0     kernel32:KERNEL32.dll
 0005:000003f4       __imp__GetCurrentProcess@0 0041a3f4     kernel32:KERNEL32.dll
 0005:000003f8       __imp__TerminateProcess@8  0041a3f8     kernel32:KERNEL32.dll
 0005:000003fc       __imp__HeapAlloc@12        0041a3fc     kernel32:KERNEL32.dll
 0005:00000400       __imp__GetProcAddress@8    0041a400     kernel32:KERNEL32.dll
 0005:00000404       __imp__lstrlenA@4          0041a404     kernel32:KERNEL32.dll
 0005:00000408       __imp__MultiByteToWideChar@24 0041a408     kernel32:KERNEL32.dll
 0005:0000040c       __imp__IsDebuggerPresent@0 0041a40c     kernel32:KERNEL32.dll
 0005:00000410       __imp__WideCharToMultiByte@32 0041a410     kernel32:KERNEL32.dll
 0005:00000414       __imp__DebugBreak@0        0041a414     kernel32:KERNEL32.dll
 0005:00000418       __imp__RaiseException@16   0041a418     kernel32:KERNEL32.dll
 0005:0000041c       __imp__GetStartupInfoA@4   0041a41c     kernel32:KERNEL32.dll
 0005:00000420       __imp__InterlockedCompareExchange@12 0041a420     kernel32:KERNEL32.dll
 0005:00000424       __imp__Sleep@4             0041a424     kernel32:KERNEL32.dll
 0005:00000428       __imp__InterlockedExchange@8 0041a428     kernel32:KERNEL32.dll
 0005:0000042c       __imp__VirtualQuery@12     0041a42c     kernel32:KERNEL32.dll
 0005:00000430       __imp__GetModuleFileNameW@12 0041a430     kernel32:KERNEL32.dll
 0005:00000434       __imp__GetProcessHeap@0    0041a434     kernel32:KERNEL32.dll
 0005:00000438       __imp__CreateProcessW@40   0041a438     kernel32:KERNEL32.dll
 0005:0000043c       __imp__GetModuleHandleW@4  0041a43c     kernel32:KERNEL32.dll
 0005:00000440       __imp__LoadLibraryW@4      0041a440     kernel32:KERNEL32.dll
 0005:00000444       __imp__LoadLibraryA@4      0041a444     kernel32:KERNEL32.dll
 0005:00000448       __imp__FreeLibrary@4       0041a448     kernel32:KERNEL32.dll
 0005:0000044c       __imp__ExpandEnvironmentStringsW@12 0041a44c     kernel32:KERNEL32.dll
 0005:00000450       \177KERNEL32_NULL_THUNK_DATA 0041a450     kernel32:KERNEL32.dll
 0005:00000490       __imp___lock               0041a490     MSVCRTD:MSVCR80D.dll
 0005:00000494       __imp___except_handler4_common 0041a494     MSVCRTD:MSVCR80D.dll
 0005:00000498       __imp__wcsncpy             0041a498     MSVCRTD:MSVCR80D.dll
 0005:0000049c       __imp___snwprintf          0041a49c     MSVCRTD:MSVCR80D.dll
 0005:000004a0       __imp__memset              0041a4a0     MSVCRTD:MSVCR80D.dll
 0005:000004a4       __imp___CRT_RTC_INITW      0041a4a4     MSVCRTD:MSVCR80D.dll
 0005:000004a8       __imp___configthreadlocale 0041a4a8     MSVCRTD:MSVCR80D.dll
 0005:000004ac       __imp____setusermatherr    0041a4ac     MSVCRTD:MSVCR80D.dll
 0005:000004b0       __imp___adjust_fdiv        0041a4b0     MSVCRTD:MSVCR80D.dll
 0005:000004b4       __imp____p__commode        0041a4b4     MSVCRTD:MSVCR80D.dll
 0005:000004b8       __imp____p__fmode          0041a4b8     MSVCRTD:MSVCR80D.dll
 0005:000004bc       __imp___decode_pointer     0041a4bc     MSVCRTD:MSVCR80D.dll
 0005:000004c0       __imp____set_app_type      0041a4c0     MSVCRTD:MSVCR80D.dll
 0005:000004c4       __imp___amsg_exit          0041a4c4     MSVCRTD:MSVCR80D.dll
 0005:000004c8       __imp____getmainargs       0041a4c8     MSVCRTD:MSVCR80D.dll
 0005:000004cc       __imp___exit               0041a4cc     MSVCRTD:MSVCR80D.dll
 0005:000004d0       __imp___XcptFilter         0041a4d0     MSVCRTD:MSVCR80D.dll
 0005:000004d4       __imp___cexit              0041a4d4     MSVCRTD:MSVCR80D.dll
 0005:000004d8       __imp__exit                0041a4d8     MSVCRTD:MSVCR80D.dll
 0005:000004dc       __imp___ismbblead          0041a4dc     MSVCRTD:MSVCR80D.dll
 0005:000004e0       __imp___acmdln             0041a4e0     MSVCRTD:MSVCR80D.dll
 0005:000004e4       __imp___CrtSetCheckCount   0041a4e4     MSVCRTD:MSVCR80D.dll
 0005:000004e8       __imp___CrtDbgReportW      0041a4e8     MSVCRTD:MSVCR80D.dll
 0005:000004ec       __imp___initterm           0041a4ec     MSVCRTD:MSVCR80D.dll
 0005:000004f0       __imp___initterm_e         0041a4f0     MSVCRTD:MSVCR80D.dll
 0005:000004f4       __imp___crt_debugger_hook  0041a4f4     MSVCRTD:MSVCR80D.dll
 0005:000004f8       __imp___controlfp_s        0041a4f8     MSVCRTD:MSVCR80D.dll
 0005:000004fc       __imp___invoke_watson      0041a4fc     MSVCRTD:MSVCR80D.dll
 0005:00000500       __imp___unlock             0041a500     MSVCRTD:MSVCR80D.dll
 0005:00000504       __imp____dllonexit         0041a504     MSVCRTD:MSVCR80D.dll
 0005:00000508       __imp___encode_pointer     0041a508     MSVCRTD:MSVCR80D.dll
 0005:0000050c       __imp___onexit             0041a50c     MSVCRTD:MSVCR80D.dll
 0005:00000510       __imp__wcscpy              0041a510     MSVCRTD:MSVCR80D.dll
 0005:00000514       __imp___swprintf           0041a514     MSVCRTD:MSVCR80D.dll
 0005:00000518       \177MSVCR80D_NULL_THUNK_DATA 0041a518     MSVCRTD:MSVCR80D.dll
 0005:00000554       __imp__Shell_NotifyIconW@8 0041a554     shell32:SHELL32.dll
 0005:00000558       \177SHELL32_NULL_THUNK_DATA 0041a558     shell32:SHELL32.dll
 0005:00000584       __imp__LoadImageW@24       0041a584     user32:USER32.dll
 0005:00000588       __imp__KillTimer@8         0041a588     user32:USER32.dll
 0005:0000058c       __imp__BeginPaint@8        0041a58c     user32:USER32.dll
 0005:00000590       __imp__EndPaint@8          0041a590     user32:USER32.dll
 0005:00000594       __imp__PostQuitMessage@4   0041a594     user32:USER32.dll
 0005:00000598       __imp__SetForegroundWindow@4 0041a598     user32:USER32.dll
 0005:0000059c       __imp__GetCursorPos@4      0041a59c     user32:USER32.dll
 0005:000005a0       __imp__PostMessageW@16     0041a5a0     user32:USER32.dll
 0005:000005a4       __imp__DefWindowProcW@16   0041a5a4     user32:USER32.dll
 0005:000005a8       __imp__LoadMenuW@8         0041a5a8     user32:USER32.dll
 0005:000005ac       __imp__GetSubMenu@8        0041a5ac     user32:USER32.dll
 0005:000005b0       __imp__TrackPopupMenu@28   0041a5b0     user32:USER32.dll
 0005:000005b4       __imp__DestroyMenu@4       0041a5b4     user32:USER32.dll
 0005:000005b8       __imp__MessageBoxW@16      0041a5b8     user32:USER32.dll
 0005:000005bc       __imp__LoadIconW@8         0041a5bc     user32:USER32.dll
 0005:000005c0       __imp__LoadCursorW@8       0041a5c0     user32:USER32.dll
 0005:000005c4       __imp__RegisterClassW@4    0041a5c4     user32:USER32.dll
 0005:000005c8       __imp__CreateWindowExW@48  0041a5c8     user32:USER32.dll
 0005:000005cc       __imp__ShowWindow@8        0041a5cc     user32:USER32.dll
 0005:000005d0       __imp__UpdateWindow@4      0041a5d0     user32:USER32.dll
 0005:000005d4       __imp__SetTimer@16         0041a5d4     user32:USER32.dll
 0005:000005d8       __imp__GetMessageW@16      0041a5d8     user32:USER32.dll
 0005:000005dc       __imp__TranslateMessage@4  0041a5dc     user32:USER32.dll
 0005:000005e0       __imp__DispatchMessageW@4  0041a5e0     user32:USER32.dll
 0005:000005e4       __imp__FindWindowW@8       0041a5e4     user32:USER32.dll
 0005:000005e8       __imp__SendMessageW@16     0041a5e8     user32:USER32.dll
 0005:000005ec       \177USER32_NULL_THUNK_DATA 0041a5ec     user32:USER32.dll

 entry point at        0002:000001c7

